error: Here is cast(main>uint>int=>safe>safe)!
  --> $DIR/ptr_as_ptr.rs:26:13
   |
LL |     let _ = ptr as *const i32;
   |             ^^^^^^^^^^^^^^^^^
   |
   = note: `-D clippy::ptr-as-ptr` implied by `-D warnings`

error: Here is cast(main>uint>int=>mut_to_mut>safe)!
  --> $DIR/ptr_as_ptr.rs:27:13
   |
LL |     let _ = mut_ptr as *mut i32;
   |             ^^^^^^^^^^^^^^^^^^^

error: Here is cast(main>uint>int=>safe>safe)!
  --> $DIR/ptr_as_ptr.rs:32:17
   |
LL |         let _ = *ptr_ptr as *const i32;
   |                 ^^^^^^^^^^^^^^^^^^^^^^

error: Here is cast(main>uint>int=>immut_to_mut>safe)!
  --> $DIR/ptr_as_ptr.rs:36:13
   |
LL |     let _ = ptr as *mut i32;
   |             ^^^^^^^^^^^^^^^

error: Here is cast(main>uint>int=>safe>safe)!
  --> $DIR/ptr_as_ptr.rs:45:25
   |
LL |     let _: *const i32 = ptr as *const _;
   |                         ^^^^^^^^^^^^^^^

error: Here is cast(main>uint>int=>mut_to_mut>safe)!
  --> $DIR/ptr_as_ptr.rs:46:23
   |
LL |     let _: *mut i32 = mut_ptr as _;
   |                       ^^^^^^^^^^^^

error: Here is cast(main>uint>int=>safe>safe)!
  --> $DIR/ptr_as_ptr.rs:49:21
   |
LL |     let _ = inline!($ptr as *const i32);
   |                     ^^^^^^^^^^^^^^^^^^
   |
   = note: this error originates in the macro `__inline_mac_fn_main` (in Nightly builds, run with -Z macro-backtrace for more info)

error: Here is cast(main>struct>struct=>immut_to_mut>warn(adt))!
  --> $DIR/ptr_as_ptr.rs:56:21
   |
LL |     let mut_sa_ptr= sa_ptr as *mut A;
   |                     ^^^^^^^^^^^^^^^^

error: Here is cast(main>struct>struct=>mut_to_mut>warn(adt))!
  --> $DIR/ptr_as_ptr.rs:57:33
   |
LL |     let mut_sb_ref = unsafe { &*(mut_sa_ptr as *mut B) };
   |                                 ^^^^^^^^^^^^^^^^^^^^^^

error: Here is cast(main>uint>uint=>safe>warn(align1>4))!
  --> $DIR/ptr_as_ptr.rs:61:17
   |
LL |     let y_ptr = x_ptr as *const u32;
   |                 ^^^^^^^^^^^^^^^^^^^

error: Here is cast(_msrv_1_38>uint>int=>safe>safe)!
  --> $DIR/ptr_as_ptr.rs:80:13
   |
LL |     let _ = ptr as *const i32;
   |             ^^^^^^^^^^^^^^^^^

error: Here is cast(_msrv_1_38>uint>int=>mut_to_mut>safe)!
  --> $DIR/ptr_as_ptr.rs:81:13
   |
LL |     let _ = mut_ptr as *mut i32;
   |             ^^^^^^^^^^^^^^^^^^^

error: aborting due to 12 previous errors

