casting caller:main
casting caller:main
casting caller:main
casting caller:main
casting caller:main
casting caller:main
casting caller:main
casting caller:main
casting caller:main
nothing
casting caller:main
nothing
casting caller:main
casting caller:main
casting caller:main
casting caller:main
casting caller:main
casting caller:main
casting caller:main
casting caller:main
casting caller:main
casting caller:main
casting caller:main
casting caller:_msrv_1_38
casting caller:_msrv_1_38
casting caller:_msrv_1_38
casting caller:_msrv_1_38
