error: type `struct_a` should have an upper camel case name
  --> $DIR/transmute_statistics.rs:4:12
   |
LL | pub struct struct_a {
   |            ^^^^^^^^ help: convert the identifier to upper camel case: `StructA`
   |
   = note: `-D non-camel-case-types` implied by `-D warnings`

error: type `struct_b` should have an upper camel case name
  --> $DIR/transmute_statistics.rs:10:12
   |
LL | pub struct struct_b {
   |            ^^^^^^^^ help: convert the identifier to upper camel case: `StructB`

error: Here is transmute(*const uint>&uint=>warn)!
  --> $DIR/transmute_statistics.rs:19:28
   |
LL |     let _: &u32 = unsafe { std::mem::transmute(a) };
   |                            ^^^^^^^^^^^^^^^^^^^^^^
   |
   = note: `-D clippy::transmute-statistics` implied by `-D warnings`

error: Here is transmute(*const uint>&uint=>warn)!
  --> $DIR/transmute_statistics.rs:20:28
   |
LL |     let _: &u32 = unsafe { std::mem::transmute::<_, &u32>(a) };
   |                            ^^^^^^^^^^^^^^^^^^^^^^^^^^^^^^^^^

error: Here is transmute(&uint>&uint=>warn)!
  --> $DIR/transmute_statistics.rs:23:22
   |
LL |     let _ = unsafe { std::mem::transmute::<_, &u32>(&b) };
   |                      ^^^^^^^^^^^^^^^^^^^^^^^^^^^^^^^^^^

error: Here is transmute(&uint>&uint=>warn)!
  --> $DIR/transmute_statistics.rs:26:22
   |
LL |     let _ = unsafe { std::mem::transmute::<_, &u8>(&c) };
   |                      ^^^^^^^^^^^^^^^^^^^^^^^^^^^^^^^^^

error: Here is transmute(&struct>&struct=>warn)!
  --> $DIR/transmute_statistics.rs:29:34
   |
LL |     let sb: &struct_b = unsafe { std::mem::transmute(&sa) };
   |                                  ^^^^^^^^^^^^^^^^^^^^^^^^

error: aborting due to 7 previous errors

