transmute:(*const param>&param>warn)
transmute:(*mut param>&mut param>warn)
transmute:(*mut param>&param>warn)
transmute:(*mut param>&mut param>warn)
transmute:(*const param>&param>warn)
transmute:(*mut param>&mut param>warn)
transmute:(*mut param>&param>warn)
transmute:(*const int>&struct>warn)
transmute:(*const int>&struct>warn)
transmute:(*const int>&uint>warn)
transmute:(*const &uint>&&uint>warn)
transmute:(*const &uint>&&uint>warn)
transmute:(*const &uint>&&uint>warn)
transmute:(*const &uint>&&uint>warn)
transmute:(*const uint>&uint>warn)
transmute:(*const uint>&uint>warn)
transmute:(*const &uint>&&uint>warn)
transmute:(*const &uint>&&uint>warn)
transmute:(*const uint>&uint>warn)
transmute:(*const uint>&uint>warn)
transmute:(*const &uint>&&uint>warn)
transmute:(*const &uint>&&uint>warn)
