error: Here is transmute(uint>*const int=>warn)!
  --> $DIR/transmutes_expressible_as_ptr_casts.rs:18:39
   |
LL |     let _ptr_i32_transmute = unsafe { transmute::<usize, *const i32>(usize::MAX) };
   |                                       ^^^^^^^^^^^^^^^^^^^^^^^^^^^^^^^^^^^^^^^^^^
   |
   = note: `-D clippy::transmute-statistics` implied by `-D warnings`

error: transmute from a pointer to a pointer
  --> $DIR/transmutes_expressible_as_ptr_casts.rs:22:38
   |
LL |     let _ptr_i8_transmute = unsafe { transmute::<*const i32, *const i8>(ptr_i32) };
   |                                      ^^^^^^^^^^^^^^^^^^^^^^^^^^^^^^^^^^^^^^^^^^^ help: try: `ptr_i32 as *const i8`
   |
   = note: `-D clippy::transmute-ptr-to-ptr` implied by `-D warnings`

error: Here is transmute(*const int>*const int=>warn)!
  --> $DIR/transmutes_expressible_as_ptr_casts.rs:22:38
   |
LL |     let _ptr_i8_transmute = unsafe { transmute::<*const i32, *const i8>(ptr_i32) };
   |                                      ^^^^^^^^^^^^^^^^^^^^^^^^^^^^^^^^^^^^^^^^^^^

error: transmute from a pointer to a pointer
  --> $DIR/transmutes_expressible_as_ptr_casts.rs:28:46
   |
LL |     let _ptr_to_unsized_transmute = unsafe { transmute::<*const [i32], *const [u32]>(slice_ptr) };
   |                                              ^^^^^^^^^^^^^^^^^^^^^^^^^^^^^^^^^^^^^^^^^^^^^^^^^^ help: try: `slice_ptr as *const [u32]`

error: Here is transmute(*const &[int]>*const &[uint]=>warn)!
  --> $DIR/transmutes_expressible_as_ptr_casts.rs:28:46
   |
LL |     let _ptr_to_unsized_transmute = unsafe { transmute::<*const [i32], *const [u32]>(slice_ptr) };
   |                                              ^^^^^^^^^^^^^^^^^^^^^^^^^^^^^^^^^^^^^^^^^^^^^^^^^^

error: Here is transmute(*const int>uint=>warn)!
  --> $DIR/transmutes_expressible_as_ptr_casts.rs:34:50
   |
LL |     let _usize_from_int_ptr_transmute = unsafe { transmute::<*const i32, usize>(ptr_i32) };
   |                                                  ^^^^^^^^^^^^^^^^^^^^^^^^^^^^^^^^^^^^^^^

error: Here is transmute(&[int]>*const [int]=>warn)!
  --> $DIR/transmutes_expressible_as_ptr_casts.rs:40:41
   |
LL |     let _array_ptr_transmute = unsafe { transmute::<&[i32; 4], *const [i32; 4]>(array_ref) };
   |                                         ^^^^^^^^^^^^^^^^^^^^^^^^^^^^^^^^^^^^^^^^^^^^^^^^^^

error: Here is transmute(fnptr>*const uint=>warn)!
  --> $DIR/transmutes_expressible_as_ptr_casts.rs:48:41
   |
LL |     let _usize_ptr_transmute = unsafe { transmute::<fn(usize) -> u8, *const usize>(foo) };
   |                                         ^^^^^^^^^^^^^^^^^^^^^^^^^^^^^^^^^^^^^^^^^^^^^^^

error: Here is transmute(fnptr>uint=>warn)!
  --> $DIR/transmutes_expressible_as_ptr_casts.rs:52:49
   |
LL |     let _usize_from_fn_ptr_transmute = unsafe { transmute::<fn(usize) -> u8, usize>(foo) };
   |                                                 ^^^^^^^^^^^^^^^^^^^^^^^^^^^^^^^^^^^^^^^^

error: Here is transmute(*const uint>uint=>warn)!
  --> $DIR/transmutes_expressible_as_ptr_casts.rs:55:36
   |
LL |     let _usize_from_ref = unsafe { transmute::<*const u32, usize>(&1u32) };
   |                                    ^^^^^^^^^^^^^^^^^^^^^^^^^^^^^^^^^^^^^

error: Here is transmute(&[int]>*const uint=>warn)!
  --> $DIR/transmutes_expressible_as_ptr_casts.rs:66:14
   |
LL |     unsafe { transmute::<&[i32; 1], *const u8>(in_param) }
   |              ^^^^^^^^^^^^^^^^^^^^^^^^^^^^^^^^^^^^^^^^^^^

error: Here is transmute(struct>struct=>warn)!
  --> $DIR/transmutes_expressible_as_ptr_casts.rs:78:14
   |
LL |     unsafe { transmute::<Single, Pair>(in_param) }
   |              ^^^^^^^^^^^^^^^^^^^^^^^^^^^^^^^^^^^

error: Here is transmute(fnptr>*const uint=>warn)!
  --> $DIR/transmutes_expressible_as_ptr_casts.rs:84:28
   |
LL |     let _x: u8 = unsafe { *std::mem::transmute::<fn(), *const u8>(f) };
   |                            ^^^^^^^^^^^^^^^^^^^^^^^^^^^^^^^^^^^^^^^^^

error: aborting due to 13 previous errors

