transmute:(struct>struct>warn)
transmute:(struct>struct>warn)
transmute:(struct>struct>warn)
transmute:(struct>struct>warn)
transmute:(struct>struct>warn)
transmute:(struct>struct>warn)
transmute:(struct>struct>warn)
transmute:(struct>struct>warn)
transmute:(struct>struct>warn)
transmute:(struct>struct>warn)
transmute:(struct>struct>warn)
transmute:(struct>struct>warn)
transmute:(struct>struct>warn)
transmute:(struct>struct>warn)
transmute:(struct>struct>warn)
transmute:(struct>struct>warn)
transmute:(struct>struct>warn)
transmute:(struct>struct>warn)
transmute:(struct>struct>warn)
transmute:(struct>struct>warn)
