transmute:(*const uint>&uint>warn)
transmute:(*const uint>&uint>warn)
transmute:(*const uint>&uint>warn)
transmute:(*const uint>&uint>warn)
