transmute:(uint>*const int>warn)
transmute:(*const int>*const int>warn)
transmute:(*const &[int]>*const &[uint]>warn)
transmute:(*const int>uint>warn)
transmute:(&[int]>*const [int]>warn)
transmute:(fnptr>*const uint>warn)
transmute:(fnptr>uint>warn)
transmute:(*const uint>uint>warn)
transmute:(&[int]>*const uint>warn)
transmute:(struct>struct>warn)
transmute:(fnptr>*const uint>warn)
