transmute:(uint>struct>warn)
transmute:(uint>struct>warn)
transmute:(uint>struct>warn)
transmute:(uint>struct>warn)
transmute:(uint>struct>warn)
transmute:(int>struct>warn)
transmute:(int>struct>warn)
transmute:(int>struct>warn)
transmute:(int>struct>warn)
transmute:(int>struct>warn)
