transmute:(float>uint>warn)
transmute:(float>int>warn)
transmute:(float>uint>warn)
transmute:(float>int>warn)
transmute:(float>uint>warn)
transmute:(float>uint>warn)
transmute:(float>int>warn)
transmute:(float>uint>warn)
transmute:(float>uint>warn)
transmute:(float>int>warn)
