transmute:(float>*const uint>warn)
transmute:(float>*mut uint>warn)
