transmute:(struct>tuple>warn)
transmute:(tuple>struct>warn)
transmute:(uint>struct>warn)
transmute:(uint>struct>warn)
transmute:(struct>struct>warn)
transmute:(struct>struct>warn)
transmute:(struct>struct>warn)
transmute:(struct>struct>warn)
transmute:(struct>struct>warn)
transmute:(struct>struct>warn)
transmute:(&tuple>struct>warn)
transmute:(struct>&tuple>warn)
transmute:(struct>&struct>warn)
transmute:(&struct>struct>warn)
transmute:(&struct>struct>warn)
transmute:(struct>&struct>warn)
transmute:(struct>struct>warn)
transmute:(struct>struct>safe)
transmute:(struct>struct>warn)
transmute:(struct>struct>warn)
transmute:(struct>&mut struct>warn)
transmute:(&mut struct>struct>warn)
transmute:(struct>*mut struct>warn)
transmute:(*mut struct>struct>warn)
transmute:(struct>&mut struct>warn)
transmute:(&mut struct>struct>warn)
transmute:(struct>*const tuple>warn)
transmute:(*const tuple>struct>warn)
transmute:(struct>*const enum>warn)
transmute:(*const enum>struct>warn)
transmute:(struct>*const enum>warn)
transmute:(*const enum>struct>warn)
transmute:(struct>*const struct>warn)
transmute:(*const struct>struct>warn)
transmute:(&&&[uint]>*const tuple>warn)
transmute:(*const tuple>&&&[uint]>warn)
transmute:(&mut &&[uint]>*mut enum>warn)
transmute:(*mut enum>&mut &&[uint]>warn)
transmute:(&&[uint]>[uint]>warn)
transmute:([uint]>&&[uint]>safe)
transmute:(&&[uint]>[uint]>warn)
transmute:([uint]>&&[uint]>warn)
transmute:(struct>*const &[uint]>warn)
transmute:(*mut &[uint]>struct>warn)
transmute:(tuple>struct>warn)
transmute:(struct>tuple>warn)
transmute:(tuple>struct>warn)
transmute:(struct>tuple>warn)
transmute:(tuple>struct>warn)
transmute:(struct>tuple>warn)
transmute:(&&[uint]>tuple>warn)
transmute:(tuple>&&[uint]>warn)
transmute:(&trait obj>tuple>warn)
transmute:(tuple>&trait obj>warn)
transmute:(struct>union>warn)
transmute:(union>struct>warn)
transmute:(&&[uint]>struct>warn)
transmute:(*const struct>*const struct>warn)
transmute:(*const struct>*const struct>warn)
transmute:(*const struct>*const struct>warn)
transmute:(*const struct>*const struct>warn)
transmute:(*const struct>*const struct>warn)
transmute:(*const struct>*const struct>warn)
transmute:(struct>struct>warn)
transmute:(struct>struct>warn)
transmute:(&param>&uint>warn)
transmute:(&uint>&param>warn)
transmute:(struct>struct>warn)
transmute:(struct>struct>warn)
transmute:(&param>struct>warn)
transmute:(&uint>struct>warn)
transmute:(struct>struct>warn)
transmute:(struct>struct>warn)
transmute:(&struct>&struct>warn)
transmute:(&struct>&struct>warn)
transmute:(struct>struct>warn)
transmute:(struct>struct>warn)
transmute:(struct>struct>warn)
transmute:(struct>struct>warn)
transmute:(struct>*const uint>warn)
transmute:(*const uint>struct>warn)
