transmute:(&param>&param>warn)
transmute:(&param>*const param>warn)
transmute:(&param>*mut param>warn)
transmute:(&param>*const param>warn)
transmute:(struct>struct>warn)
transmute:(struct>struct>warn)
transmute:(struct>struct>warn)
transmute:(struct>struct>warn)
transmute:(struct>struct>warn)
transmute:(int>*const uint>warn)
transmute:(uint>*const uint>warn)
transmute:(&uint>&uint>warn)
transmute:(*const trait obj>*const trait obj>warn)
transmute:(fnptr>fnptr>warn)
transmute:(enum>enum>warn)
transmute:(*const struct>struct>warn)
transmute:(*mut struct>struct>warn)
transmute:(struct>*const struct>warn)
transmute:(struct>*mut struct>warn)
transmute:(uint>char>warn)
transmute:(int>char>warn)
transmute:(uint>char>warn)
transmute:(int>char>warn)
transmute:(uint>bool>warn)
transmute:(uint>float>warn)
transmute:(int>float>warn)
transmute:(uint>float>warn)
transmute:(int>float>warn)
transmute:(uint>float>warn)
transmute:(int>float>warn)
transmute:(int>float>warn)
transmute:(uint>float>warn)
transmute:(uint>[uint]>warn)
transmute:(uint>[uint]>warn)
transmute:(uint>[uint]>warn)
transmute:(int>[uint]>warn)
transmute:(int>[uint]>warn)
transmute:(int>[uint]>warn)
transmute:(float>[uint]>warn)
transmute:(float>[uint]>warn)
transmute:(uint>[uint]>warn)
transmute:(uint>[uint]>warn)
transmute:(uint>[uint]>warn)
transmute:(int>[uint]>warn)
transmute:(int>[uint]>warn)
transmute:(int>[uint]>warn)
transmute:(float>[uint]>warn)
transmute:(float>[uint]>warn)
transmute:(&&[uint]>&str>warn)
transmute:(&mut &[uint]>&mut str>warn)
transmute:(&&[uint]>&str>warn)
