transmute:(&param>&param>warn)
transmute:(&param>&param>warn)
transmute:(*const uint>*const float>warn)
transmute:(*mut uint>*mut float>warn)
transmute:(&uint>&float>warn)
transmute:(&float>&float>warn)
transmute:(&mut uint>&mut float>warn)
transmute:(&struct>&struct>warn)
transmute:(&struct>&struct>warn)
transmute:(&struct>&struct>warn)
transmute:(&struct>&tuple>warn)
