transmute:([uint]>uint>safe)
transmute:([uint]>uint>safe)
